// Vitest Snapshot v1, https://vitest.dev/guide/snapshot.html

exports[`mount component 1`] = `
<div
  class="content-policies-container"
>
  <p>
    content-policies-description
  </p>
  <div
    class="content-policies-grid"
  >
    <button
      aria-pressed="false"
      class="cdx-toggle-button cdx-toggle-button--framed cdx-toggle-button--toggled-off"
      type="button"
    >
      
      <div>
        <h4>
          ①
        </h4>
        <h4>
          content-policies-card-1-title
        </h4>
      </div>
      
    </button>
    <button
      aria-pressed="false"
      class="cdx-toggle-button cdx-toggle-button--framed cdx-toggle-button--toggled-off"
      type="button"
    >
      
      <div>
        <h4>
          ②
        </h4>
        <h4>
          content-policies-card-2-title
        </h4>
      </div>
      
    </button>
    <button
      aria-pressed="false"
      class="cdx-toggle-button cdx-toggle-button--framed cdx-toggle-button--toggled-off"
      type="button"
    >
      
      <div>
        <h4>
          ③
        </h4>
        <h4>
          content-policies-card-3-title
        </h4>
      </div>
      
    </button>
    <button
      aria-pressed="false"
      class="cdx-toggle-button cdx-toggle-button--framed cdx-toggle-button--toggled-off"
      type="button"
    >
      
      <div>
        <h4>
          ④
        </h4>
        <h4>
          content-policies-card-4-title
        </h4>
      </div>
      
    </button>
  </div>
  <!--teleport start-->
  <!--v-if-->
  <!--teleport end-->
  <!--teleport start-->
  <!--v-if-->
  <!--teleport end-->
  <!--teleport start-->
  <!--v-if-->
  <!--teleport end-->
  <!--teleport start-->
  <!--v-if-->
  <!--teleport end-->
</div>
`;
